c[?7l[2J[0mSeaBIOS (version 1.16.3-debian-1.16.3-2)


iPXE (https://ipxe.org) 00:03.0 CA00 PCI2.10 PnP PMM+7EFCAE00+7EF0AE00 CA00
Press Ctrl-B to configure iPXE (PCI 00:03.0)...                                                                               


Booting from ROM..c[?7l[2J[    0.000000] Linux version 5.15.137 (shuk@DESKTOP-7253AIB) (gcc (Ubuntu 13.3.0-6ubuntu2~24.04) 13.3.0, GNU ld (GNU Binutils for Ubuntu) 2.42) #1 SMP Tue May 13 13:48:27 EDT 2025
[    0.000000] Command line: console=ttyS0 root=/dev/sda nokaslr
[    0.000000] BIOS-provided physical RAM map:
[    0.000000] BIOS-e820: [mem 0x0000000000000000-0x000000000009fbff] usable
[    0.000000] BIOS-e820: [mem 0x000000000009fc00-0x000000000009ffff] reserved
[    0.000000] BIOS-e820: [mem 0x00000000000f0000-0x00000000000fffff] reserved
[    0.000000] BIOS-e820: [mem 0x0000000000100000-0x000000007ffdffff] usable
[    0.000000] BIOS-e820: [mem 0x000000007ffe0000-0x000000007fffffff] reserved
[    0.000000] BIOS-e820: [mem 0x00000000fffc0000-0x00000000ffffffff] reserved
[    0.000000] BIOS-e820: [mem 0x000000fd00000000-0x000000ffffffffff] reserved
[    0.000000] NX (Execute Disable) protection: active
[    0.000000] SMBIOS 3.0.0 present.
[    0.000000] DMI: QEMU Ubuntu 24.04 PC (i440FX + PIIX, 1996), BIOS 1.16.3-debian-1.16.3-2 04/01/2014
[    0.000000] tsc: Fast TSC calibration using PIT
[    0.000000] tsc: Detected 4608.968 MHz processor
[    0.007895] last_pfn = 0x7ffe0 max_arch_pfn = 0x400000000
[    0.008361] x86/PAT: Configuration [0-7]: WB  WC  UC- UC  WB  WP  UC- WT  
[    0.018317] found SMP MP-table at [mem 0x000f5480-0x000f548f]
[    0.021766] ACPI: Early table checksum verification disabled
[    0.021987] ACPI: RSDP 0x00000000000F52A0 000014 (v00 BOCHS )
[    0.022166] ACPI: RSDT 0x000000007FFE1C40 000034 (v01 BOCHS  BXPC     00000001 BXPC 00000001)
[    0.022476] ACPI: FACP 0x000000007FFE1AF4 000074 (v01 BOCHS  BXPC     00000001 BXPC 00000001)
[    0.022819] ACPI: DSDT 0x000000007FFE0040 001AB4 (v01 BOCHS  BXPC     00000001 BXPC 00000001)
[    0.022883] ACPI: FACS 0x000000007FFE0000 000040
[    0.022923] ACPI: APIC 0x000000007FFE1B68 000078 (v03 BOCHS  BXPC     00000001 BXPC 00000001)
[    0.022942] ACPI: HPET 0x000000007FFE1BE0 000038 (v01 BOCHS  BXPC     00000001 BXPC 00000001)
[    0.022958] ACPI: WAET 0x000000007FFE1C18 000028 (v01 BOCHS  BXPC     00000001 BXPC 00000001)
[    0.023005] ACPI: Reserving FACP table memory at [mem 0x7ffe1af4-0x7ffe1b67]
[    0.023037] ACPI: Reserving DSDT table memory at [mem 0x7ffe0040-0x7ffe1af3]
[    0.023044] ACPI: Reserving FACS table memory at [mem 0x7ffe0000-0x7ffe003f]
[    0.023050] ACPI: Reserving APIC table memory at [mem 0x7ffe1b68-0x7ffe1bdf]
[    0.023056] ACPI: Reserving HPET table memory at [mem 0x7ffe1be0-0x7ffe1c17]
[    0.023062] ACPI: Reserving WAET table memory at [mem 0x7ffe1c18-0x7ffe1c3f]
[    0.024234] No NUMA configuration found
[    0.024253] Faking a node at [mem 0x0000000000000000-0x000000007ffdffff]
[    0.024595] NODE_DATA(0) allocated [mem 0x7ffdc000-0x7ffdffff]
[    0.025775] Zone ranges:
[    0.025798]   DMA      [mem 0x0000000000001000-0x0000000000ffffff]
[    0.025845]   DMA32    [mem 0x0000000001000000-0x000000007ffdffff]
[    0.025856]   Normal   empty
[    0.025870] Movable zone start for each node
[    0.025889] Early memory node ranges
[    0.025907]   node   0: [mem 0x0000000000001000-0x000000000009efff]
[    0.025990]   node   0: [mem 0x0000000000100000-0x000000007ffdffff]
[    0.026110] Initmem setup node 0 [mem 0x0000000000001000-0x000000007ffdffff]
[    0.026894] On node 0, zone DMA: 1 pages in unavailable ranges
[    0.027048] On node 0, zone DMA: 97 pages in unavailable ranges
[    0.047588] On node 0, zone DMA32: 32 pages in unavailable ranges
[    0.047944] ACPI: PM-Timer IO Port: 0x608
[    0.048263] ACPI: LAPIC_NMI (acpi_id[0xff] dfl dfl lint[0x1])
[    0.048529] IOAPIC[0]: apic_id 0, version 32, address 0xfec00000, GSI 0-23
[    0.048612] ACPI: INT_SRC_OVR (bus 0 bus_irq 0 global_irq 2 dfl dfl)
[    0.048760] ACPI: INT_SRC_OVR (bus 0 bus_irq 5 global_irq 5 high level)
[    0.048789] ACPI: INT_SRC_OVR (bus 0 bus_irq 9 global_irq 9 high level)
[    0.048844] ACPI: INT_SRC_OVR (bus 0 bus_irq 10 global_irq 10 high level)
[    0.048852] ACPI: INT_SRC_OVR (bus 0 bus_irq 11 global_irq 11 high level)
[    0.048956] ACPI: Using ACPI (MADT) for SMP configuration information
[    0.048985] ACPI: HPET id: 0x8086a201 base: 0xfed00000
[    0.049177] smpboot: Allowing 1 CPUs, 0 hotplug CPUs
[    0.049675] PM: hibernation: Registered nosave memory: [mem 0x00000000-0x00000fff]
[    0.049705] PM: hibernation: Registered nosave memory: [mem 0x0009f000-0x0009ffff]
[    0.049720] PM: hibernation: Registered nosave memory: [mem 0x000a0000-0x000effff]
[    0.049726] PM: hibernation: Registered nosave memory: [mem 0x000f0000-0x000fffff]
[    0.049789] [mem 0x80000000-0xfffbffff] available for PCI devices
[    0.049809] Booting paravirtualized kernel on bare hardware
[    0.050002] clocksource: refined-jiffies: mask: 0xffffffff max_cycles: 0xffffffff, max_idle_ns: 1910969940391419 ns
[    0.058294] setup_percpu: NR_CPUS:64 nr_cpumask_bits:64 nr_cpu_ids:1 nr_node_ids:1
[    0.061888] percpu: Embedded 52 pages/cpu s174936 r8192 d29864 u2097152
[    0.063410] Built 1 zonelists, mobility grouping on.  Total pages: 515808
[    0.063429] Policy zone: DMA32
[    0.063531] Kernel command line: console=ttyS0 root=/dev/sda nokaslr
[    0.064014] Unknown kernel command line parameters "nokaslr", will be passed to user space.
[    0.066923] Dentry cache hash table entries: 262144 (order: 9, 2097152 bytes, linear)
[    0.068174] Inode-cache hash table entries: 131072 (order: 8, 1048576 bytes, linear)
[    0.068960] mem auto-init: stack:off, heap alloc:off, heap free:off
[    0.076548] Memory: 2022700K/2096632K available (16397K kernel code, 2622K rwdata, 5000K rodata, 1904K init, 2788K bss, 73676K reserved, 0K cma-reserved)
[    0.078475] SLUB: HWalign=64, Order=0-3, MinObjects=0, CPUs=1, Nodes=1
[    0.079638] ftrace: allocating 47936 entries in 188 pages
[    0.132951] ftrace: allocated 188 pages with 5 groups
[    0.137710] rcu: Hierarchical RCU implementation.
[    0.137723] rcu: 	RCU event tracing is enabled.
[    0.137739] rcu: 	RCU restricting CPUs from NR_CPUS=64 to nr_cpu_ids=1.
[    0.137789] 	Rude variant of Tasks RCU enabled.
[    0.137834] rcu: RCU calculated value of scheduler-enlistment delay is 100 jiffies.
[    0.137853] rcu: Adjusting geometry for rcu_fanout_leaf=16, nr_cpu_ids=1
[    0.142727] NR_IRQS: 4352, nr_irqs: 256, preallocated irqs: 16
[    0.150393] Console: colour VGA+ 80x25
[    0.164775] printk: console [ttyS0] enabled
[    0.165396] ACPI: Core revision 20210730
[    0.168469] clocksource: hpet: mask: 0xffffffff max_cycles: 0xffffffff, max_idle_ns: 19112604467 ns
[    0.169720] APIC: Switch to symmetric I/O mode setup
[    0.174464] ..TIMER: vector=0x30 apic1=0 pin1=2 apic2=-1 pin2=-1
[    0.179490] clocksource: tsc-early: mask: 0xffffffffffffffff max_cycles: 0x426f82c4ef7, max_idle_ns: 440795359024 ns
[    0.180006] Calibrating delay loop (skipped), value calculated using timer frequency.. 9217.93 BogoMIPS (lpj=4608968)
[    0.182213] process: using AMD E400 aware idle routine
[    0.182407] Last level iTLB entries: 4KB 512, 2MB 255, 4MB 127
[    0.182561] Last level dTLB entries: 4KB 512, 2MB 255, 4MB 127, 1GB 0
[    0.182847] Spectre V1 : Mitigation: usercopy/swapgs barriers and __user pointer sanitization
[    0.183128] Spectre V2 : Mitigation: Retpolines
[    0.183243] Spectre V2 : Spectre v2 / SpectreRSB mitigation: Filling RSB on context switch
[    0.183453] Spectre V2 : Spectre v2 / SpectreRSB : Filling RSB on VMEXIT
[    0.184957] x86/fpu: x87 FPU will use FXSAVE
[    0.358135] Freeing SMP alternatives memory: 44K
[    0.358617] pid_max: default: 32768 minimum: 301
[    0.361113] LSM: Security Framework initializing
[    0.361833] SELinux:  Initializing.
[    0.365929] Mount-cache hash table entries: 4096 (order: 3, 32768 bytes, linear)
[    0.366178] Mountpoint-cache hash table entries: 4096 (order: 3, 32768 bytes, linear)
[    0.483308] smpboot: CPU0: AMD QEMU Virtual CPU version 2.5+ (family: 0xf, model: 0x6b, stepping: 0x1)
[    0.486997] Performance Events: PMU not available due to virtualization, using software events only.
[    0.487937] signal: max sigframe size: 1440
[    0.488551] rcu: Hierarchical SRCU implementation.
[    0.490526] smp: Bringing up secondary CPUs ...
[    0.490705] smp: Brought up 1 node, 1 CPU
[    0.490832] smpboot: Max logical packages: 1
[    0.490965] smpboot: Total of 1 processors activated (9217.93 BogoMIPS)
[    0.498934] devtmpfs: initialized
[    0.502262] clocksource: jiffies: mask: 0xffffffff max_cycles: 0xffffffff, max_idle_ns: 1911260446275000 ns
[    0.502718] futex hash table entries: 256 (order: 2, 16384 bytes, linear)
[    0.505036] PM: RTC time: 17:52:43, date: 2025-05-13
[    0.507575] NET: Registered PF_NETLINK/PF_ROUTE protocol family
[    0.509226] audit: initializing netlink subsys (disabled)
[    0.511929] thermal_sys: Registered thermal governor 'step_wise'
[    0.511948] thermal_sys: Registered thermal governor 'user_space'
[    0.512190] cpuidle: using governor menu
[    0.513008] audit: type=2000 audit(1747158763.338:1): state=initialized audit_enabled=0 res=1
[    0.513559] ACPI: bus type PCI registered
[    0.515057] PCI: Using configuration type 1 for base access
[    0.526825] kprobes: kprobe jump-optimization is enabled. All kprobes are optimized if possible.
[    0.527921] HugeTLB registered 2.00 MiB page size, pre-allocated 0 pages
[    0.530680] cryptomgr_test (22) used greatest stack depth: 15680 bytes left
[    0.533756] ACPI: Added _OSI(Module Device)
[    0.534034] ACPI: Added _OSI(Processor Device)
[    0.534144] ACPI: Added _OSI(3.0 _SCP Extensions)
[    0.534276] ACPI: Added _OSI(Processor Aggregator Device)
[    0.534470] ACPI: Added _OSI(Linux-Dell-Video)
[    0.534577] ACPI: Added _OSI(Linux-Lenovo-NV-HDMI-Audio)
[    0.534701] ACPI: Added _OSI(Linux-HPI-Hybrid-Graphics)
[    0.542562] ACPI: 1 ACPI AML tables successfully acquired and loaded
[    0.552284] ACPI: Interpreter enabled
[    0.552858] ACPI: PM: (supports S0 S3 S4 S5)
[    0.552991] ACPI: Using IOAPIC for interrupt routing
[    0.553299] PCI: Using host bridge windows from ACPI; if necessary, use "pci=nocrs" and report a bug
[    0.554145] ACPI: Enabled 2 GPEs in block 00 to 0F
[    0.569000] ACPI: PCI Root Bridge [PCI0] (domain 0000 [bus 00-ff])
[    0.569498] acpi PNP0A03:00: _OSC: OS supports [ASPM ClockPM Segments MSI HPX-Type3]
[    0.570073] acpi PNP0A03:00: fail to add MMCONFIG information, can't access extended PCI configuration space under this bridge.
[    0.571600] PCI host bridge to bus 0000:00
[    0.571764] pci_bus 0000:00: root bus resource [io  0x0000-0x0cf7 window]
[    0.571988] pci_bus 0000:00: root bus resource [io  0x0d00-0xffff window]
[    0.572151] pci_bus 0000:00: root bus resource [mem 0x000a0000-0x000bffff window]
[    0.572341] pci_bus 0000:00: root bus resource [mem 0x80000000-0xfebfffff window]
[    0.572515] pci_bus 0000:00: root bus resource [mem 0x100000000-0x17fffffff window]
[    0.572761] pci_bus 0000:00: root bus resource [bus 00-ff]
[    0.573850] pci 0000:00:00.0: [8086:1237] type 00 class 0x060000
[    0.576217] pci 0000:00:01.0: [8086:7000] type 00 class 0x060100
[    0.576809] pci 0000:00:01.1: [8086:7010] type 00 class 0x010180
[    0.578038] pci 0000:00:01.1: reg 0x20: [io  0xc040-0xc04f]
[    0.578823] pci 0000:00:01.1: legacy IDE quirk: reg 0x10: [io  0x01f0-0x01f7]
[    0.579015] pci 0000:00:01.1: legacy IDE quirk: reg 0x14: [io  0x03f6]
[    0.579193] pci 0000:00:01.1: legacy IDE quirk: reg 0x18: [io  0x0170-0x0177]
[    0.579374] pci 0000:00:01.1: legacy IDE quirk: reg 0x1c: [io  0x0376]
[    0.580094] pci 0000:00:01.3: [8086:7113] type 00 class 0x068000
[    0.580444] pci 0000:00:01.3: quirk: [io  0x0600-0x063f] claimed by PIIX4 ACPI
[    0.580639] pci 0000:00:01.3: quirk: [io  0x0700-0x070f] claimed by PIIX4 SMB
[    0.581374] pci 0000:00:02.0: [1234:1111] type 00 class 0x030000
[    0.581818] pci 0000:00:02.0: reg 0x10: [mem 0xfd000000-0xfdffffff pref]
[    0.582821] pci 0000:00:02.0: reg 0x18: [mem 0xfebb0000-0xfebb0fff]
[    0.583822] pci 0000:00:02.0: reg 0x30: [mem 0xfeba0000-0xfebaffff pref]
[    0.584117] pci 0000:00:02.0: Video device with shadowed ROM at [mem 0x000c0000-0x000dffff]
[    0.584828] pci 0000:00:03.0: [8086:100e] type 00 class 0x020000
[    0.585822] pci 0000:00:03.0: reg 0x10: [mem 0xfeb80000-0xfeb9ffff]
[    0.586226] pci 0000:00:03.0: reg 0x14: [io  0xc000-0xc03f]
[    0.586809] pci 0000:00:03.0: reg 0x30: [mem 0xfeb00000-0xfeb7ffff pref]
[    0.591312] ACPI: PCI: Interrupt link LNKA configured for IRQ 10
[    0.591736] ACPI: PCI: Interrupt link LNKB configured for IRQ 10
[    0.591997] ACPI: PCI: Interrupt link LNKC configured for IRQ 11
[    0.592285] ACPI: PCI: Interrupt link LNKD configured for IRQ 11
[    0.592520] ACPI: PCI: Interrupt link LNKS configured for IRQ 9
[    0.594438] iommu: Default domain type: Translated 
[    0.594586] iommu: DMA domain TLB invalidation policy: lazy mode 
[    0.596644] pci 0000:00:02.0: vgaarb: setting as boot VGA device
[    0.596809] pci 0000:00:02.0: vgaarb: VGA device added: decodes=io+mem,owns=io+mem,locks=none
[    0.596828] pci 0000:00:02.0: vgaarb: bridge control possible
[    0.597009] vgaarb: loaded
[    0.598005] SCSI subsystem initialized
[    0.598838] ACPI: bus type USB registered
[    0.599113] usbcore: registered new interface driver usbfs
[    0.599374] usbcore: registered new interface driver hub
[    0.599637] usbcore: registered new device driver usb
[    0.599947] pps_core: LinuxPPS API ver. 1 registered
[    0.600074] pps_core: Software ver. 5.3.6 - Copyright 2005-2007 Rodolfo Giometti <giometti@linux.it>
[    0.600311] PTP clock support registered
[    0.601240] Advanced Linux Sound Architecture Driver Initialized.
[    0.605977] NetLabel: Initializing
[    0.606074] NetLabel:  domain hash size = 128
[    0.606180] NetLabel:  protocols = UNLABELED CIPSOv4 CALIPSO
[    0.606733] NetLabel:  unlabeled traffic allowed by default
[    0.607625] PCI: Using ACPI for IRQ routing
[    0.608525] hpet: 3 channels of 0 reserved for per-cpu timers
[    0.608890] hpet0: at MMIO 0xfed00000, IRQs 2, 8, 0
[    0.609048] hpet0: 3 comparators, 64-bit 100.000000 MHz counter
[    0.612144] clocksource: Switched to clocksource tsc-early
[    0.640991] VFS: Disk quotas dquot_6.6.0
[    0.641187] VFS: Dquot-cache hash table entries: 512 (order 0, 4096 bytes)
[    0.642303] pnp: PnP ACPI init
[    0.651631] pnp: PnP ACPI: found 6 devices
[    0.665421] clocksource: acpi_pm: mask: 0xffffff max_cycles: 0xffffff, max_idle_ns: 2085701024 ns
[    0.669277] NET: Registered PF_INET protocol family
[    0.670003] IP idents hash table entries: 32768 (order: 6, 262144 bytes, linear)
[    0.679969] tcp_listen_portaddr_hash hash table entries: 1024 (order: 2, 16384 bytes, linear)
[    0.680258] Table-perturb hash table entries: 65536 (order: 6, 262144 bytes, linear)
[    0.680470] TCP established hash table entries: 16384 (order: 5, 131072 bytes, linear)
[    0.680798] TCP bind hash table entries: 16384 (order: 6, 262144 bytes, linear)
[    0.681136] TCP: Hash tables configured (established 16384 bind 16384)
[    0.682345] UDP hash table entries: 1024 (order: 3, 32768 bytes, linear)
[    0.682622] UDP-Lite hash table entries: 1024 (order: 3, 32768 bytes, linear)
[    0.683702] NET: Registered PF_UNIX/PF_LOCAL protocol family
[    0.694342] RPC: Registered named UNIX socket transport module.
[    0.694525] RPC: Registered udp transport module.
[    0.694642] RPC: Registered tcp transport module.
[    0.694755] RPC: Registered tcp NFSv4.1 backchannel transport module.
[    0.695967] pci_bus 0000:00: resource 4 [io  0x0000-0x0cf7 window]
[    0.696131] pci_bus 0000:00: resource 5 [io  0x0d00-0xffff window]
[    0.696278] pci_bus 0000:00: resource 6 [mem 0x000a0000-0x000bffff window]
[    0.696439] pci_bus 0000:00: resource 7 [mem 0x80000000-0xfebfffff window]
[    0.696615] pci_bus 0000:00: resource 8 [mem 0x100000000-0x17fffffff window]
[    0.697068] pci 0000:00:01.0: PIIX3: Enabling Passive Release
[    0.697258] pci 0000:00:00.0: Limiting direct PCI/PCI transfers
[    0.697432] pci 0000:00:01.0: Activating ISA DMA hang workarounds
[    0.697634] PCI: CLS 0 bytes, default 64
[    0.924146] Initialise system trusted keyrings
[    0.925239] workingset: timestamp_bits=56 max_order=19 bucket_order=0
[    0.931537] NFS: Registering the id_resolver key type
[    0.931837] Key type id_resolver registered
[    0.931990] Key type id_legacy registered
[    0.932431] 9p: Installing v9fs 9p2000 file system support
[    0.950098] Key type asymmetric registered
[    0.950272] Asymmetric key parser 'x509' registered
[    0.950599] Block layer SCSI generic (bsg) driver version 0.4 loaded (major 251)
[    0.950990] io scheduler mq-deadline registered
[    0.951131] io scheduler kyber registered
[    0.952829] input: Power Button as /devices/LNXSYSTM:00/LNXPWRBN:00/input/input0
[    0.954772] ACPI: button: Power Button [PWRF]
[    0.956857] Serial: 8250/16550 driver, 4 ports, IRQ sharing enabled
[    0.958135] 00:04: ttyS0 at I/O 0x3f8 (irq = 4, base_baud = 115200) is a 16550A
[    0.960496] Non-volatile memory driver v1.3
[    0.960742] Linux agpgart interface v0.103
[    0.970469] loop: module loaded
[    0.974799] scsi host0: ata_piix
[    0.975984] scsi host1: ata_piix
[    0.976259] ata1: PATA max MWDMA2 cmd 0x1f0 ctl 0x3f6 bmdma 0xc040 irq 14
[    0.976447] ata2: PATA max MWDMA2 cmd 0x170 ctl 0x376 bmdma 0xc048 irq 15
[    0.978388] e100: Intel(R) PRO/100 Network Driver
[    0.978516] e100: Copyright(c) 1999-2006 Intel Corporation
[    0.978671] e1000: Intel(R) PRO/1000 Network Driver
[    0.978786] e1000: Copyright (c) 1999-2006 Intel Corporation.
[    1.049195] ACPI: \_SB_.LNKC: Enabled at IRQ 11
[    1.148747] ata1.00: ATA-7: QEMU HARDDISK, 2.5+, max UDMA/100
[    1.149023] ata1.00: 52428800 sectors, multi 16: LBA48 
[    1.149945] ata2.00: ATAPI: QEMU DVD-ROM, 2.5+, max UDMA/100
[    1.155511] scsi 0:0:0:0: Direct-Access     ATA      QEMU HARDDISK    2.5+ PQ: 0 ANSI: 5
[    1.164159] scsi 0:0:0:0: Attached scsi generic sg0 type 0
[    1.165480] scsi 1:0:0:0: CD-ROM            QEMU     QEMU DVD-ROM     2.5+ PQ: 0 ANSI: 5
[    1.168467] sd 0:0:0:0: [sda] 52428800 512-byte logical blocks: (26.8 GB/25.0 GiB)
[    1.168981] sd 0:0:0:0: [sda] Write Protect is off
[    1.169309] sd 0:0:0:0: [sda] Write cache: enabled, read cache: enabled, doesn't support DPO or FUA
[    1.179705]  sda: sda1 sda2 < sda5 >
[    1.182355] sr 1:0:0:0: [sr0] scsi3-mmc drive: 4x/4x cd/rw xa/form2 tray
[    1.182626] cdrom: Uniform CD-ROM driver Revision: 3.20
[    1.187474] sd 0:0:0:0: [sda] Attached SCSI disk
[    1.203672] sr 1:0:0:0: Attached scsi generic sg1 type 5
[    1.359071] e1000 0000:00:03.0 eth0: (PCI:33MHz:32-bit) 52:54:00:12:34:56
[    1.359483] e1000 0000:00:03.0 eth0: Intel(R) PRO/1000 Network Connection
[    1.359966] e1000e: Intel(R) PRO/1000 Network Driver
[    1.360096] e1000e: Copyright(c) 1999 - 2015 Intel Corporation.
[    1.360284] sky2: driver version 1.30
[    1.360958] ehci_hcd: USB 2.0 'Enhanced' Host Controller (EHCI) Driver
[    1.361155] ehci-pci: EHCI PCI platform driver
[    1.361346] ohci_hcd: USB 1.1 'Open' Host Controller (OHCI) Driver
[    1.361548] ohci-pci: OHCI PCI platform driver
[    1.361738] uhci_hcd: USB Universal Host Controller Interface driver
[    1.362162] usbcore: registered new interface driver usblp
[    1.362361] usbcore: registered new interface driver usb-storage
[    1.362875] i8042: PNP: PS/2 Controller [PNP0303:KBD,PNP0f13:MOU] at 0x60,0x64 irq 1,12
[    1.364714] serio: i8042 KBD port at 0x60,0x64 irq 1
[    1.364989] serio: i8042 AUX port at 0x60,0x64 irq 12
[    1.367568] input: AT Translated Set 2 keyboard as /devices/platform/i8042/serio0/input/input1
[    1.369319] rtc_cmos 00:05: RTC can wake from S4
[    1.372038] rtc_cmos 00:05: registered as rtc0
[    1.372497] rtc_cmos 00:05: alarms up to one day, y3k, 242 bytes nvram, hpet irqs
[    1.372907] fail to initialize ptp_kvm
[    1.373264] device-mapper: ioctl: 4.45.0-ioctl (2021-03-22) initialised: dm-devel@redhat.com
[    1.373993] hid: raw HID events driver (C) Jiri Kosina
[    1.374640] usbcore: registered new interface driver usbhid
[    1.374842] usbhid: USB HID core driver
[    1.379214] Initializing XFRM netlink socket
[    1.379821] NET: Registered PF_INET6 protocol family
[    1.383309] Segment Routing with IPv6
[    1.383979] In-situ OAM (IOAM) with IPv6
[    1.384589] sit: IPv6, IPv4 and MPLS over IPv4 tunneling driver
[    1.386089] NET: Registered PF_PACKET protocol family
[    1.386860] 9pnet: Installing 9P2000 support
[    1.387127] Key type dns_resolver registered
[    1.388022] IPI shorthand broadcast: enabled
[    1.388341] sched_clock: Marking stable (1363041240, 24731011)->(1390684865, -2912614)
[    1.389180] registered taskstats version 1
[    1.389299] Loading compiled-in X.509 certificates
[    1.392055] PM:   Magic number: 9:114:896
[    1.392490] printk: console [netcon0] enabled
[    1.392620] netconsole: network logging started
[    1.394185] cfg80211: Loading compiled-in X.509 certificates for regulatory database
[    1.400507] kworker/u2:2 (67) used greatest stack depth: 14776 bytes left
[    1.405173] cfg80211: Loaded X.509 cert 'sforshee: 00b28ddf47aef9cea7'
[    1.406082] platform regulatory.0: Direct firmware load for regulatory.db failed with error -2
[    1.406412] cfg80211: failed to load regulatory.db
[    1.407242] ALSA device list:
[    1.407466]   No soundcards found.
[    1.742182] tsc: Refined TSC clocksource calibration: 4608.943 MHz
[    1.742563] clocksource: tsc: mask: 0xffffffffffffffff max_cycles: 0x426f6b1025f, max_idle_ns: 440795408054 ns
[    1.742911] clocksource: Switched to clocksource tsc
[    1.993002] input: ImExPS/2 Generic Explorer Mouse as /devices/platform/i8042/serio1/input/input3
[    1.993717] md: Waiting for all devices to be available before autodetect
[    1.993973] md: If you don't use raid, use raid=noautodetect
[    1.994175] md: Autodetecting RAID arrays.
[    1.994289] md: autorun ...
[    1.994360] md: ... autorun DONE.
[    2.016190] List of all partitions:
[    2.016423] 0800        26214400 sda 
[    2.016462]  driver: sd
[    2.016632]   0801        25165824 sda1 00007738-01
[    2.016655] 
[    2.016833]   0802               1 sda2 
[    2.016892] 
[    2.017033]   0805         1045504 sda5 00007738-05
[    2.017039] 
[    2.017196] 0b00         1048575 sr0 
[    2.017200]  driver: sr
[    2.017358] No filesystem could mount root, tried: 
[    2.017369]  ext3
[    2.017490]  ext2
[    2.017555]  ext4
[    2.017604]  vfat
[    2.017651]  msdos
[    2.017697]  iso9660
[    2.017749] 
[    2.018023] Kernel panic - not syncing: VFS: Unable to mount root fs on unknown-block(8,0)
[    2.018324] CPU: 0 PID: 1 Comm: swapper/0 Not tainted 5.15.137 #1
[    2.018506] Hardware name: QEMU Ubuntu 24.04 PC (i440FX + PIIX, 1996), BIOS 1.16.3-debian-1.16.3-2 04/01/2014
[    2.018823] Call Trace:
[    2.019206]  <TASK>
[    2.019377]  dump_stack_lvl+0x33/0x46
[    2.019644]  panic+0xff/0x2b4
[    2.019724]  mount_block_root+0x1ed/0x200
[    2.019843]  ? do_unlinkat+0x8c/0x2b0
[    2.019944]  prepare_namespace+0x13b/0x16a
[    2.020047]  kernel_init_freeable+0x202/0x20d
[    2.020150]  ? rest_init+0xb0/0xb0
[    2.020234]  kernel_init+0x16/0x120
[    2.020319]  ret_from_fork+0x22/0x30
[    2.020426]  </TASK>
[    2.020738] Kernel Offset: disabled
[    2.020952] ---[ end Kernel panic - not syncing: VFS: Unable to mount root fs on unknown-block(8,0) ]---
