c[?7l[2J[0mSeaBIOS (version 1.16.3-debian-1.16.3-2)


iPXE (https://ipxe.org) 00:03.0 CA00 PCI2.10 PnP PMM+7EFCAE00+7EF0AE00 CA00
Press Ctrl-B to configure iPXE (PCI 00:03.0)...                                                                               


Booting from ROM..c[?7l[2J[    0.000000] Linux version 5.15.137 (shuk@DESKTOP-7253AIB) (gcc (Ubuntu 13.3.0-6ubuntu2~24.04) 13.3.0, GNU ld (GNU Binutils for Ubuntu) 2.42) #1 SMP Tue May 13 13:45:38 EDT 2025
[    0.000000] Command line: console=ttyS0 root=/dev/sda nokaslr
[    0.000000] BIOS-provided physical RAM map:
[    0.000000] BIOS-e820: [mem 0x0000000000000000-0x000000000009fbff] usable
[    0.000000] BIOS-e820: [mem 0x000000000009fc00-0x000000000009ffff] reserved
[    0.000000] BIOS-e820: [mem 0x00000000000f0000-0x00000000000fffff] reserved
[    0.000000] BIOS-e820: [mem 0x0000000000100000-0x000000007ffdffff] usable
[    0.000000] BIOS-e820: [mem 0x000000007ffe0000-0x000000007fffffff] reserved
[    0.000000] BIOS-e820: [mem 0x00000000fffc0000-0x00000000ffffffff] reserved
[    0.000000] BIOS-e820: [mem 0x000000fd00000000-0x000000ffffffffff] reserved
[    0.000000] NX (Execute Disable) protection: active
[    0.000000] SMBIOS 3.0.0 present.
[    0.000000] DMI: QEMU Ubuntu 24.04 PC (i440FX + PIIX, 1996), BIOS 1.16.3-debian-1.16.3-2 04/01/2014
[    0.000000] tsc: Fast TSC calibration using PIT
[    0.000000] tsc: Detected 4587.296 MHz processor
[    0.005255] last_pfn = 0x7ffe0 max_arch_pfn = 0x400000000
[    0.005685] x86/PAT: Configuration [0-7]: WB  WC  UC- UC  WB  WP  UC- WT  
[    0.014119] found SMP MP-table at [mem 0x000f5480-0x000f548f]
[    0.017022] ACPI: Early table checksum verification disabled
[    0.017227] ACPI: RSDP 0x00000000000F52A0 000014 (v00 BOCHS )
[    0.017393] ACPI: RSDT 0x000000007FFE1C40 000034 (v01 BOCHS  BXPC     00000001 BXPC 00000001)
[    0.017689] ACPI: FACP 0x000000007FFE1AF4 000074 (v01 BOCHS  BXPC     00000001 BXPC 00000001)
[    0.018049] ACPI: DSDT 0x000000007FFE0040 001AB4 (v01 BOCHS  BXPC     00000001 BXPC 00000001)
[    0.018103] ACPI: FACS 0x000000007FFE0000 000040
[    0.018153] ACPI: APIC 0x000000007FFE1B68 000078 (v03 BOCHS  BXPC     00000001 BXPC 00000001)
[    0.018169] ACPI: HPET 0x000000007FFE1BE0 000038 (v01 BOCHS  BXPC     00000001 BXPC 00000001)
[    0.018181] ACPI: WAET 0x000000007FFE1C18 000028 (v01 BOCHS  BXPC     00000001 BXPC 00000001)
[    0.018223] ACPI: Reserving FACP table memory at [mem 0x7ffe1af4-0x7ffe1b67]
[    0.018253] ACPI: Reserving DSDT table memory at [mem 0x7ffe0040-0x7ffe1af3]
[    0.018258] ACPI: Reserving FACS table memory at [mem 0x7ffe0000-0x7ffe003f]
[    0.018263] ACPI: Reserving APIC table memory at [mem 0x7ffe1b68-0x7ffe1bdf]
[    0.018268] ACPI: Reserving HPET table memory at [mem 0x7ffe1be0-0x7ffe1c17]
[    0.018272] ACPI: Reserving WAET table memory at [mem 0x7ffe1c18-0x7ffe1c3f]
[    0.019423] No NUMA configuration found
[    0.019439] Faking a node at [mem 0x0000000000000000-0x000000007ffdffff]
[    0.019771] NODE_DATA(0) allocated [mem 0x7ffdc000-0x7ffdffff]
[    0.020878] Zone ranges:
[    0.020898]   DMA      [mem 0x0000000000001000-0x0000000000ffffff]
[    0.020942]   DMA32    [mem 0x0000000001000000-0x000000007ffdffff]
[    0.020949]   Normal   empty
[    0.020960] Movable zone start for each node
[    0.020979] Early memory node ranges
[    0.020995]   node   0: [mem 0x0000000000001000-0x000000000009efff]
[    0.021063]   node   0: [mem 0x0000000000100000-0x000000007ffdffff]
[    0.021176] Initmem setup node 0 [mem 0x0000000000001000-0x000000007ffdffff]
[    0.021932] On node 0, zone DMA: 1 pages in unavailable ranges
[    0.022085] On node 0, zone DMA: 97 pages in unavailable ranges
[    0.043049] On node 0, zone DMA32: 32 pages in unavailable ranges
[    0.043383] ACPI: PM-Timer IO Port: 0x608
[    0.043660] ACPI: LAPIC_NMI (acpi_id[0xff] dfl dfl lint[0x1])
[    0.043888] IOAPIC[0]: apic_id 0, version 32, address 0xfec00000, GSI 0-23
[    0.043964] ACPI: INT_SRC_OVR (bus 0 bus_irq 0 global_irq 2 dfl dfl)
[    0.044102] ACPI: INT_SRC_OVR (bus 0 bus_irq 5 global_irq 5 high level)
[    0.044128] ACPI: INT_SRC_OVR (bus 0 bus_irq 9 global_irq 9 high level)
[    0.044177] ACPI: INT_SRC_OVR (bus 0 bus_irq 10 global_irq 10 high level)
[    0.044183] ACPI: INT_SRC_OVR (bus 0 bus_irq 11 global_irq 11 high level)
[    0.044281] ACPI: Using ACPI (MADT) for SMP configuration information
[    0.044307] ACPI: HPET id: 0x8086a201 base: 0xfed00000
[    0.044494] smpboot: Allowing 1 CPUs, 0 hotplug CPUs
[    0.045005] PM: hibernation: Registered nosave memory: [mem 0x00000000-0x00000fff]
[    0.045032] PM: hibernation: Registered nosave memory: [mem 0x0009f000-0x0009ffff]
[    0.045046] PM: hibernation: Registered nosave memory: [mem 0x000a0000-0x000effff]
[    0.045050] PM: hibernation: Registered nosave memory: [mem 0x000f0000-0x000fffff]
[    0.045111] [mem 0x80000000-0xfffbffff] available for PCI devices
[    0.045297] clocksource: refined-jiffies: mask: 0xffffffff max_cycles: 0xffffffff, max_idle_ns: 1910969940391419 ns
[    0.052589] setup_percpu: NR_CPUS:64 nr_cpumask_bits:64 nr_cpu_ids:1 nr_node_ids:1
[    0.056063] percpu: Embedded 52 pages/cpu s174552 r8192 d30248 u2097152
[    0.057505] Built 1 zonelists, mobility grouping on.  Total pages: 515808
[    0.057519] Policy zone: DMA32
[    0.057614] Kernel command line: console=ttyS0 root=/dev/sda nokaslr
[    0.058376] Unknown kernel command line parameters "nokaslr", will be passed to user space.
[    0.061200] Dentry cache hash table entries: 262144 (order: 9, 2097152 bytes, linear)
[    0.062449] Inode-cache hash table entries: 131072 (order: 8, 1048576 bytes, linear)
[    0.063167] mem auto-init: stack:all(zero), heap alloc:off, heap free:off
[    0.070659] Memory: 2022700K/2096632K available (16397K kernel code, 2577K rwdata, 4812K rodata, 1476K init, 3392K bss, 73676K reserved, 0K cma-reserved)
[    0.072475] SLUB: HWalign=64, Order=0-3, MinObjects=0, CPUs=1, Nodes=1
[    0.077591] rcu: Hierarchical RCU implementation.
[    0.077607] rcu: 	RCU event tracing is enabled.
[    0.077622] rcu: 	RCU restricting CPUs from NR_CPUS=64 to nr_cpu_ids=1.
[    0.077717] rcu: RCU calculated value of scheduler-enlistment delay is 100 jiffies.
[    0.077736] rcu: Adjusting geometry for rcu_fanout_leaf=16, nr_cpu_ids=1
[    0.081594] NR_IRQS: 4352, nr_irqs: 256, preallocated irqs: 16
[    0.089671] Console: colour VGA+ 80x25
[    0.103552] printk: console [ttyS0] enabled
[    0.104149] ACPI: Core revision 20210730
[    0.106963] clocksource: hpet: mask: 0xffffffff max_cycles: 0xffffffff, max_idle_ns: 19112604467 ns
[    0.109732] APIC: Switch to symmetric I/O mode setup
[    0.113049] ..TIMER: vector=0x30 apic1=0 pin1=2 apic2=-1 pin2=-1
[    0.118021] clocksource: tsc-early: mask: 0xffffffffffffffff max_cycles: 0x421f89f0884, max_idle_ns: 440795277766 ns
[    0.118487] Calibrating delay loop (skipped), value calculated using timer frequency.. 9174.59 BogoMIPS (lpj=4587296)
[    0.120657] process: using AMD E400 aware idle routine
[    0.120857] Last level iTLB entries: 4KB 512, 2MB 255, 4MB 127
[    0.120999] Last level dTLB entries: 4KB 512, 2MB 255, 4MB 127, 1GB 0
[    0.121300] Spectre V1 : Mitigation: usercopy/swapgs barriers and __user pointer sanitization
[    0.121457] Spectre V2 : Mitigation: Retpolines
[    0.121574] Spectre V2 : Spectre v2 / SpectreRSB mitigation: Filling RSB on context switch
[    0.121777] Spectre V2 : Spectre v2 / SpectreRSB : Filling RSB on VMEXIT
[    0.123467] x86/fpu: x87 FPU will use FXSAVE
[    0.293950] Freeing SMP alternatives memory: 44K
[    0.294437] pid_max: default: 32768 minimum: 301
[    0.296408] LSM: Security Framework initializing
[    0.297132] SELinux:  Initializing.
[    0.300856] Mount-cache hash table entries: 4096 (order: 3, 32768 bytes, linear)
[    0.301106] Mountpoint-cache hash table entries: 4096 (order: 3, 32768 bytes, linear)
[    0.417985] smpboot: CPU0: AMD QEMU Virtual CPU version 2.5+ (family: 0xf, model: 0x6b, stepping: 0x1)
[    0.421633] Performance Events: PMU not available due to virtualization, using software events only.
[    0.422313] signal: max sigframe size: 1440
[    0.422763] rcu: Hierarchical SRCU implementation.
[    0.424909] smp: Bringing up secondary CPUs ...
[    0.425070] smp: Brought up 1 node, 1 CPU
[    0.425198] smpboot: Max logical packages: 1
[    0.425330] smpboot: Total of 1 processors activated (9174.59 BogoMIPS)
[    0.433797] devtmpfs: initialized
[    0.437188] clocksource: jiffies: mask: 0xffffffff max_cycles: 0xffffffff, max_idle_ns: 1911260446275000 ns
[    0.437541] futex hash table entries: 256 (order: 2, 16384 bytes, linear)
[    0.439773] PM: RTC time: 17:53:33, date: 2025-05-13
[    0.442476] NET: Registered PF_NETLINK/PF_ROUTE protocol family
[    0.444083] audit: initializing netlink subsys (disabled)
[    0.447299] thermal_sys: Registered thermal governor 'step_wise'
[    0.447320] thermal_sys: Registered thermal governor 'user_space'
[    0.447530] cpuidle: using governor menu
[    0.448554] audit: type=2000 audit(1747158813.335:1): state=initialized audit_enabled=0 res=1
[    0.449219] ACPI: bus type PCI registered
[    0.450762] PCI: Using configuration type 1 for base access
[    0.462239] kprobes: kprobe jump-optimization is enabled. All kprobes are optimized if possible.
[    0.463614] HugeTLB registered 2.00 MiB page size, pre-allocated 0 pages
[    0.466181] cryptomgr_test (21) used greatest stack depth: 15648 bytes left
[    0.469290] ACPI: Added _OSI(Module Device)
[    0.469579] ACPI: Added _OSI(Processor Device)
[    0.469689] ACPI: Added _OSI(3.0 _SCP Extensions)
[    0.469800] ACPI: Added _OSI(Processor Aggregator Device)
[    0.469965] ACPI: Added _OSI(Linux-Dell-Video)
[    0.470070] ACPI: Added _OSI(Linux-Lenovo-NV-HDMI-Audio)
[    0.470202] ACPI: Added _OSI(Linux-HPI-Hybrid-Graphics)
[    0.478246] ACPI: 1 ACPI AML tables successfully acquired and loaded
[    0.488246] ACPI: Interpreter enabled
[    0.488796] ACPI: PM: (supports S0 S3 S4 S5)
[    0.488928] ACPI: Using IOAPIC for interrupt routing
[    0.489235] PCI: Using host bridge windows from ACPI; if necessary, use "pci=nocrs" and report a bug
[    0.490004] ACPI: Enabled 2 GPEs in block 00 to 0F
[    0.505983] ACPI: PCI Root Bridge [PCI0] (domain 0000 [bus 00-ff])
[    0.506558] acpi PNP0A03:00: _OSC: OS supports [ASPM ClockPM Segments MSI HPX-Type3]
[    0.507108] acpi PNP0A03:00: fail to add MMCONFIG information, can't access extended PCI configuration space under this bridge.
[    0.508760] PCI host bridge to bus 0000:00
[    0.508922] pci_bus 0000:00: root bus resource [io  0x0000-0x0cf7 window]
[    0.509146] pci_bus 0000:00: root bus resource [io  0x0d00-0xffff window]
[    0.509305] pci_bus 0000:00: root bus resource [mem 0x000a0000-0x000bffff window]
[    0.509366] pci_bus 0000:00: root bus resource [mem 0x80000000-0xfebfffff window]
[    0.509544] pci_bus 0000:00: root bus resource [mem 0x100000000-0x17fffffff window]
[    0.509808] pci_bus 0000:00: root bus resource [bus 00-ff]
[    0.511098] pci 0000:00:00.0: [8086:1237] type 00 class 0x060000
[    0.513579] pci 0000:00:01.0: [8086:7000] type 00 class 0x060100
[    0.514292] pci 0000:00:01.1: [8086:7010] type 00 class 0x010180
[    0.515580] pci 0000:00:01.1: reg 0x20: [io  0xc040-0xc04f]
[    0.516161] pci 0000:00:01.1: legacy IDE quirk: reg 0x10: [io  0x01f0-0x01f7]
[    0.516376] pci 0000:00:01.1: legacy IDE quirk: reg 0x14: [io  0x03f6]
[    0.516547] pci 0000:00:01.1: legacy IDE quirk: reg 0x18: [io  0x0170-0x0177]
[    0.516730] pci 0000:00:01.1: legacy IDE quirk: reg 0x1c: [io  0x0376]
[    0.517604] pci 0000:00:01.3: [8086:7113] type 00 class 0x068000
[    0.517947] pci 0000:00:01.3: quirk: [io  0x0600-0x063f] claimed by PIIX4 ACPI
[    0.518137] pci 0000:00:01.3: quirk: [io  0x0700-0x070f] claimed by PIIX4 SMB
[    0.518829] pci 0000:00:02.0: [1234:1111] type 00 class 0x030000
[    0.519365] pci 0000:00:02.0: reg 0x10: [mem 0xfd000000-0xfdffffff pref]
[    0.520260] pci 0000:00:02.0: reg 0x18: [mem 0xfebb0000-0xfebb0fff]
[    0.521354] pci 0000:00:02.0: reg 0x30: [mem 0xfeba0000-0xfebaffff pref]
[    0.522428] pci 0000:00:02.0: Video device with shadowed ROM at [mem 0x000c0000-0x000dffff]
[    0.523188] pci 0000:00:03.0: [8086:100e] type 00 class 0x020000
[    0.523723] pci 0000:00:03.0: reg 0x10: [mem 0xfeb80000-0xfeb9ffff]
[    0.524362] pci 0000:00:03.0: reg 0x14: [io  0xc000-0xc03f]
[    0.525354] pci 0000:00:03.0: reg 0x30: [mem 0xfeb00000-0xfeb7ffff pref]
[    0.530235] ACPI: PCI: Interrupt link LNKA configured for IRQ 10
[    0.530622] ACPI: PCI: Interrupt link LNKB configured for IRQ 10
[    0.530956] ACPI: PCI: Interrupt link LNKC configured for IRQ 11
[    0.531405] ACPI: PCI: Interrupt link LNKD configured for IRQ 11
[    0.531618] ACPI: PCI: Interrupt link LNKS configured for IRQ 9
[    0.533368] iommu: Default domain type: Translated 
[    0.533506] iommu: DMA domain TLB invalidation policy: lazy mode 
[    0.535711] pci 0000:00:02.0: vgaarb: setting as boot VGA device
[    0.536311] pci 0000:00:02.0: vgaarb: VGA device added: decodes=io+mem,owns=io+mem,locks=none
[    0.536381] pci 0000:00:02.0: vgaarb: bridge control possible
[    0.536569] vgaarb: loaded
[    0.537463] SCSI subsystem initialized
[    0.538297] ACPI: bus type USB registered
[    0.538557] usbcore: registered new interface driver usbfs
[    0.538827] usbcore: registered new interface driver hub
[    0.539010] usbcore: registered new device driver usb
[    0.539441] pps_core: LinuxPPS API ver. 1 registered
[    0.539565] pps_core: Software ver. 5.3.6 - Copyright 2005-2007 Rodolfo Giometti <giometti@linux.it>
[    0.539798] PTP clock support registered
[    0.540709] Advanced Linux Sound Architecture Driver Initialized.
[    0.545005] NetLabel: Initializing
[    0.545103] NetLabel:  domain hash size = 128
[    0.545209] NetLabel:  protocols = UNLABELED CIPSOv4 CALIPSO
[    0.545802] NetLabel:  unlabeled traffic allowed by default
[    0.546575] PCI: Using ACPI for IRQ routing
[    0.547734] hpet: 3 channels of 0 reserved for per-cpu timers
[    0.548001] hpet0: at MMIO 0xfed00000, IRQs 2, 8, 0
[    0.548153] hpet0: 3 comparators, 64-bit 100.000000 MHz counter
[    0.552087] clocksource: Switched to clocksource tsc-early
[    0.580155] VFS: Disk quotas dquot_6.6.0
[    0.580383] VFS: Dquot-cache hash table entries: 512 (order 0, 4096 bytes)
[    0.581598] pnp: PnP ACPI init
[    0.592044] pnp: PnP ACPI: found 6 devices
[    0.605891] clocksource: acpi_pm: mask: 0xffffff max_cycles: 0xffffff, max_idle_ns: 2085701024 ns
[    0.613076] NET: Registered PF_INET protocol family
[    0.614271] IP idents hash table entries: 32768 (order: 6, 262144 bytes, linear)
[    0.621458] tcp_listen_portaddr_hash hash table entries: 1024 (order: 2, 16384 bytes, linear)
[    0.621778] Table-perturb hash table entries: 65536 (order: 6, 262144 bytes, linear)
[    0.621986] TCP established hash table entries: 16384 (order: 5, 131072 bytes, linear)
[    0.622361] TCP bind hash table entries: 16384 (order: 6, 262144 bytes, linear)
[    0.622790] TCP: Hash tables configured (established 16384 bind 16384)
[    0.623817] UDP hash table entries: 1024 (order: 3, 32768 bytes, linear)
[    0.630417] UDP-Lite hash table entries: 1024 (order: 3, 32768 bytes, linear)
[    0.631361] NET: Registered PF_UNIX/PF_LOCAL protocol family
[    0.632696] RPC: Registered named UNIX socket transport module.
[    0.632862] RPC: Registered udp transport module.
[    0.632984] RPC: Registered tcp transport module.
[    0.633096] RPC: Registered tcp NFSv4.1 backchannel transport module.
[    0.640940] pci_bus 0000:00: resource 4 [io  0x0000-0x0cf7 window]
[    0.641122] pci_bus 0000:00: resource 5 [io  0x0d00-0xffff window]
[    0.641279] pci_bus 0000:00: resource 6 [mem 0x000a0000-0x000bffff window]
[    0.641442] pci_bus 0000:00: resource 7 [mem 0x80000000-0xfebfffff window]
[    0.641603] pci_bus 0000:00: resource 8 [mem 0x100000000-0x17fffffff window]
[    0.642085] pci 0000:00:01.0: PIIX3: Enabling Passive Release
[    0.642280] pci 0000:00:00.0: Limiting direct PCI/PCI transfers
[    0.642465] pci 0000:00:01.0: Activating ISA DMA hang workarounds
[    0.642686] PCI: CLS 0 bytes, default 64
[    0.835778] Initialise system trusted keyrings
[    0.836776] workingset: timestamp_bits=56 max_order=19 bucket_order=0
[    0.844304] NFS: Registering the id_resolver key type
[    0.844568] Key type id_resolver registered
[    0.844730] Key type id_legacy registered
[    0.861189] Key type asymmetric registered
[    0.861342] Asymmetric key parser 'x509' registered
[    0.861647] Block layer SCSI generic (bsg) driver version 0.4 loaded (major 251)
[    0.861909] io scheduler mq-deadline registered
[    0.862049] io scheduler kyber registered
[    0.863720] input: Power Button as /devices/LNXSYSTM:00/LNXPWRBN:00/input/input0
[    0.866012] ACPI: button: Power Button [PWRF]
[    0.867887] Serial: 8250/16550 driver, 4 ports, IRQ sharing enabled
[    0.869101] 00:04: ttyS0 at I/O 0x3f8 (irq = 4, base_baud = 115200) is a 16550A
[    0.871344] Non-volatile memory driver v1.3
[    0.871609] Linux agpgart interface v0.103
[    0.880025] loop: module loaded
[    0.884195] scsi host0: ata_piix
[    0.885272] scsi host1: ata_piix
[    0.885550] ata1: PATA max MWDMA2 cmd 0x1f0 ctl 0x3f6 bmdma 0xc040 irq 14
[    0.885786] ata2: PATA max MWDMA2 cmd 0x170 ctl 0x376 bmdma 0xc048 irq 15
[    0.887230] e100: Intel(R) PRO/100 Network Driver
[    0.887354] e100: Copyright(c) 1999-2006 Intel Corporation
[    0.887508] e1000: Intel(R) PRO/1000 Network Driver
[    0.887623] e1000: Copyright (c) 1999-2006 Intel Corporation.
[    0.958117] ACPI: \_SB_.LNKC: Enabled at IRQ 11
[    1.050465] ata1.00: ATA-7: QEMU HARDDISK, 2.5+, max UDMA/100
[    1.050769] ata1.00: 52428800 sectors, multi 16: LBA48 
[    1.051708] ata2.00: ATAPI: QEMU DVD-ROM, 2.5+, max UDMA/100
[    1.057285] scsi 0:0:0:0: Direct-Access     ATA      QEMU HARDDISK    2.5+ PQ: 0 ANSI: 5
[    1.059290] scsi 0:0:0:0: Attached scsi generic sg0 type 0
[    1.060550] scsi 1:0:0:0: CD-ROM            QEMU     QEMU DVD-ROM     2.5+ PQ: 0 ANSI: 5
[    1.067470] sd 0:0:0:0: [sda] 52428800 512-byte logical blocks: (26.8 GB/25.0 GiB)
[    1.068012] sd 0:0:0:0: [sda] Write Protect is off
[    1.068374] sd 0:0:0:0: [sda] Write cache: enabled, read cache: enabled, doesn't support DPO or FUA
[    1.078794] sr 1:0:0:0: [sr0] scsi3-mmc drive: 4x/4x cd/rw xa/form2 tray
[    1.079092] cdrom: Uniform CD-ROM driver Revision: 3.20
[    1.083721]  sda: sda1 sda2 < sda5 >
[    1.086426] sd 0:0:0:0: [sda] Attached SCSI disk
[    1.097968] sr 1:0:0:0: Attached scsi generic sg1 type 5
[    1.266909] e1000 0000:00:03.0 eth0: (PCI:33MHz:32-bit) 52:54:00:12:34:56
[    1.267316] e1000 0000:00:03.0 eth0: Intel(R) PRO/1000 Network Connection
[    1.267795] e1000e: Intel(R) PRO/1000 Network Driver
[    1.267930] e1000e: Copyright(c) 1999 - 2015 Intel Corporation.
[    1.268122] sky2: driver version 1.30
[    1.268760] ehci_hcd: USB 2.0 'Enhanced' Host Controller (EHCI) Driver
[    1.268965] ehci-pci: EHCI PCI platform driver
[    1.269161] ohci_hcd: USB 1.1 'Open' Host Controller (OHCI) Driver
[    1.269328] ohci-pci: OHCI PCI platform driver
[    1.269537] uhci_hcd: USB Universal Host Controller Interface driver
[    1.269893] usbcore: registered new interface driver usblp
[    1.270094] usbcore: registered new interface driver usb-storage
[    1.270582] i8042: PNP: PS/2 Controller [PNP0303:KBD,PNP0f13:MOU] at 0x60,0x64 irq 1,12
[    1.272406] serio: i8042 KBD port at 0x60,0x64 irq 1
[    1.272689] serio: i8042 AUX port at 0x60,0x64 irq 12
[    1.274780] input: AT Translated Set 2 keyboard as /devices/platform/i8042/serio0/input/input1
[    1.276410] rtc_cmos 00:05: RTC can wake from S4
[    1.279129] rtc_cmos 00:05: registered as rtc0
[    1.279646] rtc_cmos 00:05: alarms up to one day, y3k, 242 bytes nvram, hpet irqs
[    1.280284] device-mapper: ioctl: 4.45.0-ioctl (2021-03-22) initialised: dm-devel@redhat.com
[    1.280898] hid: raw HID events driver (C) Jiri Kosina
[    1.281645] usbcore: registered new interface driver usbhid
[    1.281787] usbhid: USB HID core driver
[    1.286219] Initializing XFRM netlink socket
[    1.286804] NET: Registered PF_INET6 protocol family
[    1.290264] Segment Routing with IPv6
[    1.290440] In-situ OAM (IOAM) with IPv6
[    1.291519] sit: IPv6, IPv4 and MPLS over IPv4 tunneling driver
[    1.292912] NET: Registered PF_PACKET protocol family
[    1.293310] Key type dns_resolver registered
[    1.294182] IPI shorthand broadcast: enabled
[    1.294517] sched_clock: Marking stable (1271045696, 23420736)->(1295146410, -679978)
[    1.295252] registered taskstats version 1
[    1.295368] Loading compiled-in X.509 certificates
[    1.297145] PM:   Magic number: 9:114:896
[    1.297642] printk: console [netcon0] enabled
[    1.297776] netconsole: network logging started
[    1.299192] cfg80211: Loading compiled-in X.509 certificates for regulatory database
[    1.305431] kworker/u2:2 (65) used greatest stack depth: 14776 bytes left
[    1.310063] cfg80211: Loaded X.509 cert 'sforshee: 00b28ddf47aef9cea7'
[    1.311374] platform regulatory.0: Direct firmware load for regulatory.db failed with error -2
[    1.311752] cfg80211: failed to load regulatory.db
[    1.312591] ALSA device list:
[    1.312804]   No soundcards found.
[    1.679106] tsc: Refined TSC clocksource calibration: 4587.319 MHz
[    1.679765] clocksource: tsc: mask: 0xffffffffffffffff max_cycles: 0x421f9f49e7f, max_idle_ns: 440795282646 ns
[    1.680185] clocksource: Switched to clocksource tsc
[    1.905990] input: ImExPS/2 Generic Explorer Mouse as /devices/platform/i8042/serio1/input/input3
[    1.906994] md: Waiting for all devices to be available before autodetect
[    1.907166] md: If you don't use raid, use raid=noautodetect
[    1.907333] md: Autodetecting RAID arrays.
[    1.907451] md: autorun ...
[    1.907581] md: ... autorun DONE.
[    1.926049] List of all partitions:
[    1.926272] 0800        26214400 sda 
[    1.926293]  driver: sd
[    1.926446]   0801        25165824 sda1 00007738-01
[    1.926514] 
[    1.926668]   0802               1 sda2 
[    1.926672] 
[    1.926803]   0805         1045504 sda5 00007738-05
[    1.926807] 
[    1.926966] 0b00         1048575 sr0 
[    1.926969]  driver: sr
[    1.927124] No filesystem could mount root, tried: 
[    1.927134]  ext3
[    1.927249]  ext2
[    1.927294]  ext4
[    1.927339]  vfat
[    1.927384]  msdos
[    1.927430]  iso9660
[    1.927527] 
[    1.927703] Kernel panic - not syncing: VFS: Unable to mount root fs on unknown-block(8,0)
[    1.927999] CPU: 0 PID: 1 Comm: swapper/0 Not tainted 5.15.137 #1
[    1.928173] Hardware name: QEMU Ubuntu 24.04 PC (i440FX + PIIX, 1996), BIOS 1.16.3-debian-1.16.3-2 04/01/2014
[    1.928474] Call Trace:
[    1.928844]  <TASK>
[    1.928982]  dump_stack_lvl+0x33/0x46
[    1.929226]  panic+0x107/0x2bc
[    1.929302]  mount_block_root+0x1f5/0x208
[    1.929431]  prepare_namespace+0x136/0x165
[    1.929533]  kernel_init_freeable+0x1f8/0x203
[    1.929636]  ? rest_init+0xb0/0xb0
[    1.929720]  kernel_init+0x11/0x110
[    1.929810]  ret_from_fork+0x22/0x30
[    1.929922]  </TASK>
[    1.930206] Kernel Offset: disabled
[    1.930413] ---[ end Kernel panic - not syncing: VFS: Unable to mount root fs on unknown-block(8,0) ]---
